test_all_six_filters_any_all_and_cross_category_and (test_phone_discovery.PhoneDiscoveryTests.test_all_six_filters_any_all_and_cross_category_and) ... ok
test_bad_types_ids_dates_and_limits_fail_no_silent_filter_drop (test_phone_discovery.PhoneDiscoveryTests.test_bad_types_ids_dates_and_limits_fail_no_silent_filter_drop) ... ok
test_binding_is_specific_to_account_session_membership_and_index (test_phone_discovery.PhoneDiscoveryTests.test_binding_is_specific_to_account_session_membership_and_index) ... ok
test_block_duplicate_unknown_and_person_tags_keep_provenance (test_phone_discovery.PhoneDiscoveryTests.test_block_duplicate_unknown_and_person_tags_keep_provenance) ... ok
test_budget_rows_bytes_response_time_cancel_and_shared_slots (test_phone_discovery.PhoneDiscoveryTests.test_budget_rows_bytes_response_time_cancel_and_shared_slots) ... ok
test_cancel_during_work_rolls_back_and_does_not_return_partial_results (test_phone_discovery.PhoneDiscoveryTests.test_cancel_during_work_rolls_back_and_does_not_return_partial_results) ... ok
test_caption_ambiguity_supersession_edit_priority_and_oversize (test_phone_discovery.PhoneDiscoveryTests.test_caption_ambiguity_supersession_edit_priority_and_oversize) ... ok
test_count_scope_pins_aliases_and_native_asset_shape (test_phone_discovery.PhoneDiscoveryTests.test_count_scope_pins_aliases_and_native_asset_shape) ... ok
test_denial_after_admitted_request_never_uses_old_binding_as_grant (test_phone_discovery.PhoneDiscoveryTests.test_denial_after_admitted_request_never_uses_old_binding_as_grant) ... ok
test_embedded_nul_captions_and_tag_names_do_not_hide_invalid_suffixes (test_phone_discovery.PhoneDiscoveryTests.test_embedded_nul_captions_and_tag_names_do_not_hide_invalid_suffixes) ... ok
test_expiry_disabled_and_membership_states_precede_index_access (test_phone_discovery.PhoneDiscoveryTests.test_expiry_disabled_and_membership_states_precede_index_access) ... ok
test_foreign_roster_places_evidence_and_forged_provider_rejected (test_phone_discovery.PhoneDiscoveryTests.test_foreign_roster_places_evidence_and_forged_provider_rejected) ... ok
test_large_person_tag_place_ids_are_lossless (test_phone_discovery.PhoneDiscoveryTests.test_large_person_tag_place_ids_are_lossless) ... ok
test_maximum_string_ids_and_identifier_validation (test_phone_discovery.PhoneDiscoveryTests.test_maximum_string_ids_and_identifier_validation) ... ok
test_missing_and_all_invalid_access_denied_before_provider_and_source (test_phone_discovery.PhoneDiscoveryTests.test_missing_and_all_invalid_access_denied_before_provider_and_source) ... ok
test_overlong_and_invalid_dates_never_become_valid_prefixes (test_phone_discovery.PhoneDiscoveryTests.test_overlong_and_invalid_dates_never_become_valid_prefixes) ... ok
test_oversized_candidate_is_not_truncated_or_dropped_to_choose_fallback (test_phone_discovery.PhoneDiscoveryTests.test_oversized_candidate_is_not_truncated_or_dropped_to_choose_fallback) ... ok
test_paging_binding_and_fingerprint_prevent_mixed_results (test_phone_discovery.PhoneDiscoveryTests.test_paging_binding_and_fingerprint_prevent_mixed_results) ... ok
test_queries_have_no_sql_writes_and_provider_is_immutable (test_phone_discovery.PhoneDiscoveryTests.test_queries_have_no_sql_writes_and_provider_is_immutable) ... ok
test_reviewed_roster_and_assignment_are_separate_and_dnn_is_not_identity (test_phone_discovery.PhoneDiscoveryTests.test_reviewed_roster_and_assignment_are_separate_and_dnn_is_not_identity) ... ok
test_source_mutations_reject_entire_snapshot_and_counts (test_phone_discovery.PhoneDiscoveryTests.test_source_mutations_reject_entire_snapshot_and_counts) ... ok
test_unavailable_provider_and_missing_region_capability (test_phone_discovery.PhoneDiscoveryTests.test_unavailable_provider_and_missing_region_capability) ... ok
test_unicode_literal_inclusive_dates_and_missing_not_negative (test_phone_discovery.PhoneDiscoveryTests.test_unicode_literal_inclusive_dates_and_missing_not_negative) ... ok
test_zero_partial_and_disabled_metadata_keep_full_scoped_browse (test_phone_discovery.PhoneDiscoveryTests.test_zero_partial_and_disabled_metadata_keep_full_scoped_browse) ... ok
test_wal_change_after_authorization_may_finish_but_next_request_refuses (test_phone_discovery.TransactionSnapshotTests.test_wal_change_after_authorization_may_finish_but_next_request_refuses) ... ok

----------------------------------------------------------------------
Ran 25 tests in 0.120s

OK
