FastAPI TestClient emitted StarletteDeprecationWarning about httpx.
  from starlette.testclient import TestClient as TestClient  # noqa
test_body_limits_and_strict_envelope (test_phone_discovery_http.PhoneDiscoveryHttpTests.test_body_limits_and_strict_envelope) ... ok
test_changed_binding_fingerprint_and_session (test_phone_discovery_http.PhoneDiscoveryHttpTests.test_changed_binding_fingerprint_and_session) ... ok
test_disconnect_releases_budget (test_phone_discovery_http.PhoneDiscoveryHttpTests.test_disconnect_releases_budget) ... ok
test_facets_and_search_string_ids_and_coverage (test_phone_discovery_http.PhoneDiscoveryHttpTests.test_facets_and_search_string_ids_and_coverage) ... ok
test_json_duplicates_nonfinite_surrogates_encoding_and_depth (test_phone_discovery_http.PhoneDiscoveryHttpTests.test_json_duplicates_nonfinite_surrogates_encoding_and_depth) ... ok
test_membership_rechecked_after_body_receipt (test_phone_discovery_http.PhoneDiscoveryHttpTests.test_membership_rechecked_after_body_receipt) ... ok
test_methods_shadowed_handlers_default_app_and_runtime_disabled (test_phone_discovery_http.PhoneDiscoveryHttpTests.test_methods_shadowed_handlers_default_app_and_runtime_disabled) ... ok
test_missing_foreign_expired_revoked_denied_before_provider_or_bad_body (test_phone_discovery_http.PhoneDiscoveryHttpTests.test_missing_foreign_expired_revoked_denied_before_provider_or_bad_body) ... ok
test_native_cookie_ambiguity_origin_and_duplicate_auth (test_phone_discovery_http.PhoneDiscoveryHttpTests.test_native_cookie_ambiguity_origin_and_duplicate_auth) ... ok
test_origin_host_https_and_trailing_slash (test_phone_discovery_http.PhoneDiscoveryHttpTests.test_origin_host_https_and_trailing_slash) ... ok
test_paginated_search_fingerprint_normalization (test_phone_discovery_http.PhoneDiscoveryHttpTests.test_paginated_search_fingerprint_normalization) ... ok
test_query_duplicate_unknown_invalid_limits_and_missing_binding (test_phone_discovery_http.PhoneDiscoveryHttpTests.test_query_duplicate_unknown_invalid_limits_and_missing_binding) ... ok
test_service_errors_generic_busy_and_budget (test_phone_discovery_http.PhoneDiscoveryHttpTests.test_service_errors_generic_busy_and_budget) ... ok
test_stream_limit_mismatch_and_body_deadline (test_phone_discovery_http.PhoneDiscoveryHttpTests.test_stream_limit_mismatch_and_body_deadline) ... ok
test_unknown_library_and_membership_states (test_phone_discovery_http.PhoneDiscoveryHttpTests.test_unknown_library_and_membership_states) ... ok
test_untrusted_dimension_metadata_is_null_not_native_overflow (test_phone_discovery_http.PhoneDiscoveryHttpTests.test_untrusted_dimension_metadata_is_null_not_native_overflow) ... ok
test_web_same_origin_cookie_and_csrf (test_phone_discovery_http.PhoneDiscoveryHttpTests.test_web_same_origin_cookie_and_csrf) ... ok
test_all_six_filters_any_all_and_cross_category_and (test_phone_discovery.PhoneDiscoveryTests.test_all_six_filters_any_all_and_cross_category_and) ... ok
test_bad_types_ids_dates_and_limits_fail_no_silent_filter_drop (test_phone_discovery.PhoneDiscoveryTests.test_bad_types_ids_dates_and_limits_fail_no_silent_filter_drop) ... ok
test_binding_is_specific_to_account_session_membership_and_index (test_phone_discovery.PhoneDiscoveryTests.test_binding_is_specific_to_account_session_membership_and_index) ... ok
test_block_duplicate_unknown_and_person_tags_keep_provenance (test_phone_discovery.PhoneDiscoveryTests.test_block_duplicate_unknown_and_person_tags_keep_provenance) ... ok
test_budget_rows_bytes_response_time_cancel_and_shared_slots (test_phone_discovery.PhoneDiscoveryTests.test_budget_rows_bytes_response_time_cancel_and_shared_slots) ... ok
test_cancel_during_work_rolls_back_and_does_not_return_partial_results (test_phone_discovery.PhoneDiscoveryTests.test_cancel_during_work_rolls_back_and_does_not_return_partial_results) ... ok
test_caption_ambiguity_supersession_edit_priority_and_oversize (test_phone_discovery.PhoneDiscoveryTests.test_caption_ambiguity_supersession_edit_priority_and_oversize) ... ok
test_count_scope_pins_aliases_and_native_asset_shape (test_phone_discovery.PhoneDiscoveryTests.test_count_scope_pins_aliases_and_native_asset_shape) ... ok
test_denial_after_admitted_request_never_uses_old_binding_as_grant (test_phone_discovery.PhoneDiscoveryTests.test_denial_after_admitted_request_never_uses_old_binding_as_grant) ... ok
test_embedded_nul_captions_and_tag_names_do_not_hide_invalid_suffixes (test_phone_discovery.PhoneDiscoveryTests.test_embedded_nul_captions_and_tag_names_do_not_hide_invalid_suffixes) ... ok
test_expiry_disabled_and_membership_states_precede_index_access (test_phone_discovery.PhoneDiscoveryTests.test_expiry_disabled_and_membership_states_precede_index_access) ... ok
test_foreign_roster_places_evidence_and_forged_provider_rejected (test_phone_discovery.PhoneDiscoveryTests.test_foreign_roster_places_evidence_and_forged_provider_rejected) ... ok
test_large_person_tag_place_ids_are_lossless (test_phone_discovery.PhoneDiscoveryTests.test_large_person_tag_place_ids_are_lossless) ... ok
test_maximum_string_ids_and_identifier_validation (test_phone_discovery.PhoneDiscoveryTests.test_maximum_string_ids_and_identifier_validation) ... ok
test_missing_and_all_invalid_access_denied_before_provider_and_source (test_phone_discovery.PhoneDiscoveryTests.test_missing_and_all_invalid_access_denied_before_provider_and_source) ... ok
test_overlong_and_invalid_dates_never_become_valid_prefixes (test_phone_discovery.PhoneDiscoveryTests.test_overlong_and_invalid_dates_never_become_valid_prefixes) ... ok
test_oversized_candidate_is_not_truncated_or_dropped_to_choose_fallback (test_phone_discovery.PhoneDiscoveryTests.test_oversized_candidate_is_not_truncated_or_dropped_to_choose_fallback) ... ok
test_paging_binding_and_fingerprint_prevent_mixed_results (test_phone_discovery.PhoneDiscoveryTests.test_paging_binding_and_fingerprint_prevent_mixed_results) ... ok
test_queries_have_no_sql_writes_and_provider_is_immutable (test_phone_discovery.PhoneDiscoveryTests.test_queries_have_no_sql_writes_and_provider_is_immutable) ... ok
test_reviewed_roster_and_assignment_are_separate_and_dnn_is_not_identity (test_phone_discovery.PhoneDiscoveryTests.test_reviewed_roster_and_assignment_are_separate_and_dnn_is_not_identity) ... ok
test_source_mutations_reject_entire_snapshot_and_counts (test_phone_discovery.PhoneDiscoveryTests.test_source_mutations_reject_entire_snapshot_and_counts) ... ok
test_unavailable_provider_and_missing_region_capability (test_phone_discovery.PhoneDiscoveryTests.test_unavailable_provider_and_missing_region_capability) ... ok
test_unicode_literal_inclusive_dates_and_missing_not_negative (test_phone_discovery.PhoneDiscoveryTests.test_unicode_literal_inclusive_dates_and_missing_not_negative) ... ok
test_zero_partial_and_disabled_metadata_keep_full_scoped_browse (test_phone_discovery.PhoneDiscoveryTests.test_zero_partial_and_disabled_metadata_keep_full_scoped_browse) ... ok
test_wal_change_after_authorization_may_finish_but_next_request_refuses (test_phone_discovery.TransactionSnapshotTests.test_wal_change_after_authorization_may_finish_but_next_request_refuses) ... ok
test_account_budget_canonicalizes_and_counts_success_and_failure (test_access_transport.AdmissionTests.test_account_budget_canonicalizes_and_counts_success_and_failure) ... ok
test_concurrent_connections_cannot_overlap_slot_and_restart_cannot_clear_it (test_access_transport.AdmissionTests.test_concurrent_connections_cannot_overlap_slot_and_restart_cannot_clear_it) ... ok
test_global_limit_bounds_random_key_growth (test_access_transport.AdmissionTests.test_global_limit_bounds_random_key_growth) ... ok
test_migration_additive_and_failure_rolls_back (test_access_transport.AdmissionTests.test_migration_additive_and_failure_rolls_back) ... ok
test_migration_wrapper_uses_real_sql_but_is_not_an_alembic_rehearsal (test_access_transport.AdmissionTests.test_migration_wrapper_uses_real_sql_but_is_not_an_alembic_rehearsal) ... ok
test_missing_migration_fails_closed (test_access_transport.AdmissionTests.test_missing_migration_fails_closed) ... ok
test_source_limit_collapses_ipv4_mapped_ipv6 (test_access_transport.AdmissionTests.test_source_limit_collapses_ipv4_mapped_ipv6) ... ok
test_window_expiry_and_backward_clock (test_access_transport.AdmissionTests.test_window_expiry_and_backward_clock) ... ok
test_account_responses_never_cache_or_echo_credentials (test_access_transport.TransportTests.test_account_responses_never_cache_or_echo_credentials) ... ok
test_ambiguous_malformed_and_browser_bearer_credentials_rejected (test_access_transport.TransportTests.test_ambiguous_malformed_and_browser_bearer_credentials_rejected) ... ok
test_busy_slot_denies_before_password_work_and_does_not_steal_claim (test_access_transport.TransportTests.test_busy_slot_denies_before_password_work_and_does_not_steal_claim) ... ok
test_cookie_invitation_writes_require_csrf_before_domain_changes (test_access_transport.TransportTests.test_cookie_invitation_writes_require_csrf_before_domain_changes) ... ok
test_cookie_reads_need_positive_same_origin_signal_but_native_does_not (test_access_transport.TransportTests.test_cookie_reads_need_positive_same_origin_signal_but_native_does_not) ... ok
test_existing_member_accepts_fresh_invitation_only_after_login (test_access_transport.TransportTests.test_existing_member_accepts_fresh_invitation_only_after_login) ... ok
test_expired_web_session_clears_cookie_before_retrying_login (test_access_transport.TransportTests.test_expired_web_session_clears_cookie_before_retrying_login) ... ok
test_forwarded_headers_cannot_evade_source_budget_with_different_accounts (test_access_transport.TransportTests.test_forwarded_headers_cannot_evade_source_budget_with_different_accounts) ... ok
test_invites_require_owner_and_cancelled_codes_fail (test_access_transport.TransportTests.test_invites_require_owner_and_cancelled_codes_fail) ... ok
test_limits_persist_across_requests_and_forwarded_header_changes_before_kdf (test_access_transport.TransportTests.test_limits_persist_across_requests_and_forwarded_header_changes_before_kdf) ... ok
test_missing_runtime_and_migration_deny_without_fallback (test_access_transport.TransportTests.test_missing_runtime_and_migration_deny_without_fallback) ... ok
test_native_login_session_and_logout_use_real_session_rows (test_access_transport.TransportTests.test_native_login_session_and_logout_use_real_session_rows) ... ok
test_no_invitation_no_signup_and_weak_password_does_not_consume (test_access_transport.TransportTests.test_no_invitation_no_signup_and_weak_password_does_not_consume) ... ok
test_origin_host_scheme_query_and_fetch_site_fail_closed (test_access_transport.TransportTests.test_origin_host_scheme_query_and_fetch_site_fail_closed) ... ok
test_profile_available_uses_server_time_and_library_state (test_access_transport.TransportTests.test_profile_available_uses_server_time_and_library_state) ... ok
test_registration_invitation_and_password_flow (test_access_transport.TransportTests.test_registration_invitation_and_password_flow) ... ok
test_runtime_account_router_matches_inventory (test_access_transport.TransportTests.test_runtime_account_router_matches_inventory) ... ok
test_session_disable_expiry_and_revoked_membership_readback (test_access_transport.TransportTests.test_session_disable_expiry_and_revoked_membership_readback) ... ok
test_size_type_duplicate_field_and_surrogate_input_denied_without_echo (test_access_transport.TransportTests.test_size_type_duplicate_field_and_surrogate_input_denied_without_echo) ... ok
test_stream_limit_applies_without_content_length (test_access_transport.TransportTests.test_stream_limit_applies_without_content_length) ... ok
test_unexpected_adapter_failure_does_not_echo_private_exception (test_access_transport.TransportTests.test_unexpected_adapter_failure_does_not_echo_private_exception) ... ok
test_uniform_login_denials (test_access_transport.TransportTests.test_uniform_login_denials) ... ok
test_web_cookie_csrf_logout_and_no_session_token_in_json (test_access_transport.TransportTests.test_web_cookie_csrf_logout_and_no_session_token_in_json) ... ok
test_web_login_csrf_native_origin_and_session_overwrite_rejected (test_access_transport.TransportTests.test_web_login_csrf_native_origin_and_session_overwrite_rejected) ... ok
test_account_router_runs_in_real_app (test_closed_application.ClosedApplicationTests.test_account_router_runs_in_real_app) ... ok
test_approved_original_cached_thumbnail_crop_and_head (test_closed_application.ClosedApplicationTests.test_approved_original_cached_thumbnail_crop_and_head) ... ok
test_cancellation_while_opening_does_not_abandon_an_open_descriptor (test_closed_application.ClosedApplicationTests.test_cancellation_while_opening_does_not_abandon_an_open_descriptor) ... ok
test_complete_runtime_route_set_matches_active_inventory (test_closed_application.ClosedApplicationTests.test_complete_runtime_route_set_matches_active_inventory) ... ok
test_default_app_and_lifespan_remain_closed_without_storage (test_closed_application.ClosedApplicationTests.test_default_app_and_lifespan_remain_closed_without_storage) ... ok
test_descriptor_closes_on_success_range_error_and_disconnect (test_closed_application.ClosedApplicationTests.test_descriptor_closes_on_success_range_error_and_disconnect) ... ok
test_direct_service_cannot_bypass_parent_policy_or_traverse_variant_path (test_closed_application.ClosedApplicationTests.test_direct_service_cannot_bypass_parent_policy_or_traverse_variant_path) ... ok
test_every_retired_route_is_denied_or_replaced_by_a_protected_route (test_closed_application.ClosedApplicationTests.test_every_retired_route_is_denied_or_replaced_by_a_protected_route) ... ok
test_foreign_deleted_missing_and_unassigned_parent_ids_never_touch_files (test_closed_application.ClosedApplicationTests.test_foreign_deleted_missing_and_unassigned_parent_ids_never_touch_files) ... ok
test_head_denials_have_no_asgi_body_even_before_an_http_server (test_closed_application.ClosedApplicationTests.test_head_denials_have_no_asgi_body_even_before_an_http_server) ... ok
test_membership_cannot_change_during_file_open_even_in_wal_mode (test_closed_application.ClosedApplicationTests.test_membership_cannot_change_during_file_open_even_in_wal_mode) ... ok
test_missing_cached_derivative_does_not_generate_or_fallback_to_original (test_closed_application.ClosedApplicationTests.test_missing_cached_derivative_does_not_generate_or_fallback_to_original) ... ok
test_original_grant_is_separate_even_for_owner_and_range (test_closed_application.ClosedApplicationTests.test_original_grant_is_separate_even_for_owner_and_range) ... ok
test_outside_path_and_symlink_escape_are_denied (test_closed_application.ClosedApplicationTests.test_outside_path_and_symlink_escape_are_denied) ... ok
test_oversized_query_is_rejected_before_sql_or_media_lookup (test_closed_application.ClosedApplicationTests.test_oversized_query_is_rejected_before_sql_or_media_lookup) ... ok
test_pinned_descriptor_is_not_reopened_after_response_headers (test_closed_application.ClosedApplicationTests.test_pinned_descriptor_is_not_reopened_after_response_headers) ... ok
test_query_credentials_duplicates_unknown_size_and_origin_rejected (test_closed_application.ClosedApplicationTests.test_query_credentials_duplicates_unknown_size_and_origin_rejected) ... ok
test_range_suffix_open_ended_if_range_and_416 (test_closed_application.ClosedApplicationTests.test_range_suffix_open_ended_if_range_and_416) ... ok
test_real_denial_matrix_precedes_every_media_filesystem_lookup (test_closed_application.ClosedApplicationTests.test_real_denial_matrix_precedes_every_media_filesystem_lookup) ... ok
test_revoke_after_response_construction_before_open (test_closed_application.ClosedApplicationTests.test_revoke_after_response_construction_before_open) ... ok
test_safe_ui_has_strict_csp_and_legacy_deep_links_drop_private_query (test_closed_application.ClosedApplicationTests.test_safe_ui_has_strict_csp_and_legacy_deep_links_drop_private_query) ... ok
test_ui_shell_is_public_but_has_no_data_endpoint_bypass (test_closed_application.ClosedApplicationTests.test_ui_shell_is_public_but_has_no_data_endpoint_bypass) ... ok
test_unreviewed_route_and_shadowed_login_handler_are_denied (test_closed_application.ClosedApplicationTests.test_unreviewed_route_and_shadowed_login_handler_are_denied) ... ok
test_web_cookie_media_and_revocation_between_range_requests (test_closed_application.ClosedApplicationTests.test_web_cookie_media_and_revocation_between_range_requests) ... ok
test_cold_package_and_entrypoint_import_do_not_touch_runtime (test_closed_application.ImportIsolationTests.test_cold_package_and_entrypoint_import_do_not_touch_runtime) ... ok
test_retired_main_refuses_import_before_any_runtime_dependency (test_closed_application.ImportIsolationTests.test_retired_main_refuses_import_before_any_runtime_dependency) ... ok
test_all_auth_failures_precede_asset_or_caption_queries (test_library_reads.LibraryReadTests.test_all_auth_failures_precede_asset_or_caption_queries) ... ok
test_caption_exact_wire_limit_and_one_byte_over (test_library_reads.LibraryReadTests.test_caption_exact_wire_limit_and_one_byte_over) ... ok
test_caption_row_and_text_bounds_keep_html_as_plain_json (test_library_reads.LibraryReadTests.test_caption_row_and_text_bounds_keep_html_as_plain_json) ... ok
test_caption_wire_budget_counts_unicode_and_json_escaping (test_library_reads.LibraryReadTests.test_caption_wire_budget_counts_unicode_and_json_escaping) ... ok
test_caption_wire_budget_preserves_distinct_omission_and_truncation (test_library_reads.LibraryReadTests.test_caption_wire_budget_preserves_distinct_omission_and_truncation) ... ok
test_cookie_reads_and_next_request_revocation (test_library_reads.LibraryReadTests.test_cookie_reads_and_next_request_revocation) ... ok
test_detail_and_current_captions_are_parent_scoped_and_redacted (test_library_reads.LibraryReadTests.test_detail_and_current_captions_are_parent_scoped_and_redacted) ... ok
test_foreign_deleted_unmapped_missing_parent_denied_before_caption_query (test_library_reads.LibraryReadTests.test_foreign_deleted_unmapped_missing_parent_denied_before_caption_query) ... ok
test_gallery_scopes_count_before_pagination_and_returns_safe_contract (test_library_reads.LibraryReadTests.test_gallery_scopes_count_before_pagination_and_returns_safe_contract) ... ok
test_large_sqlite_ids_are_lossless_decimal_strings_for_javascript (test_library_reads.LibraryReadTests.test_large_sqlite_ids_are_lossless_decimal_strings_for_javascript) ... ok
test_owner_role_does_not_imply_original_grant (test_library_reads.LibraryReadTests.test_owner_role_does_not_imply_original_grant) ... ok
test_policy_and_page_count_share_a_snapshot (test_library_reads.LibraryReadTests.test_policy_and_page_count_share_a_snapshot) ... ok
test_strict_query_validation_and_unreviewed_methods (test_library_reads.LibraryReadTests.test_strict_query_validation_and_unreviewed_methods) ... ok
test_disabled_owner_closed_library_and_expired_owner_membership_deny (test_member_management.MemberManagementTests.test_disabled_owner_closed_library_and_expired_owner_membership_deny) ... ok
test_owner_list_is_scoped_bounded_and_has_no_credentials (test_member_management.MemberManagementTests.test_owner_list_is_scoped_bounded_and_has_no_credentials) ... ok
test_owner_self_and_foreign_account_targets_cannot_be_revoked (test_member_management.MemberManagementTests.test_owner_self_and_foreign_account_targets_cannot_be_revoked) ... ok
test_revoke_is_atomic_audited_and_denies_next_library_request (test_member_management.MemberManagementTests.test_revoke_is_atomic_audited_and_denies_next_library_request) ... ok
test_stale_confirmation_does_not_overwrite_newer_membership_or_audit (test_member_management.MemberManagementTests.test_stale_confirmation_does_not_overwrite_newer_membership_or_audit) ... ok
test_strict_read_query_and_revision_contract (test_member_management.MemberManagementTests.test_strict_read_query_and_revision_contract) ... ok
test_viewer_other_library_and_anonymous_never_query_member_directory (test_member_management.MemberManagementTests.test_viewer_other_library_and_anonymous_never_query_member_directory) ... ok
test_web_revoke_requires_origin_csrf_and_ignores_no_grant_fields (test_member_management.MemberManagementTests.test_web_revoke_requires_origin_csrf_and_ignores_no_grant_fields) ... ok
test_adapter_revision_pin_matches_actual_migration_head (test_runtime_adapter.RuntimeAdapterTests.test_adapter_revision_pin_matches_actual_migration_head) ... ok
test_connections_are_fresh_enforce_foreign_keys_and_rollback_uncommitted_work (test_runtime_adapter.RuntimeAdapterTests.test_connections_are_fresh_enforce_foreign_keys_and_rollback_uncommitted_work) ... ok
test_failed_domain_call_closes_and_rolls_back_connection (test_runtime_adapter.RuntimeAdapterTests.test_failed_domain_call_closes_and_rolls_back_connection) ... ok
test_http_and_host_headers_cannot_supply_configuration_or_proxy_trust (test_runtime_adapter.RuntimeAdapterTests.test_http_and_host_headers_cannot_supply_configuration_or_proxy_trust) ... ok
test_import_and_construction_open_no_storage_or_runtime_configuration (test_runtime_adapter.RuntimeAdapterTests.test_import_and_construction_open_no_storage_or_runtime_configuration) ... ok
test_invalid_admission_key_is_not_regenerated (test_runtime_adapter.RuntimeAdapterTests.test_invalid_admission_key_is_not_regenerated) ... ok
test_missing_database_never_creates_file_or_schema (test_runtime_adapter.RuntimeAdapterTests.test_missing_database_never_creates_file_or_schema) ... ok
test_old_or_multiple_revision_and_missing_access_table_fail_closed (test_runtime_adapter.RuntimeAdapterTests.test_old_or_multiple_revision_and_missing_access_table_fail_closed) ... ok
test_real_adapter_login_and_scoped_reads_use_existing_migrated_database (test_runtime_adapter.RuntimeAdapterTests.test_real_adapter_login_and_scoped_reads_use_existing_migrated_database) ... ok
test_symlink_directory_and_corrupt_database_are_refused_without_disclosure (test_runtime_adapter.RuntimeAdapterTests.test_symlink_directory_and_corrupt_database_are_refused_without_disclosure) ... ok
test_wrong_type_admission_key_is_refused_without_rotation (test_runtime_adapter.RuntimeAdapterTests.test_wrong_type_admission_key_is_refused_without_rotation) ... ok
test_bare_method_aliases_cannot_hide_http_or_middleware_registration (test_inventory.InventoryTests.test_bare_method_aliases_cannot_hide_http_or_middleware_registration) ... ok
test_capability_typo_fails (test_inventory.InventoryTests.test_capability_typo_fails) ... ok
test_custom_factory_and_executable_registration_require_review (test_inventory.InventoryTests.test_custom_factory_and_executable_registration_require_review) ... ok
test_duplicate_route_fails (test_inventory.InventoryTests.test_duplicate_route_fails) ... ok
test_every_current_route_is_reviewed (test_inventory.InventoryTests.test_every_current_route_is_reviewed) ... ok
test_historical_harness_exception_does_not_exempt_its_entire_file (test_inventory.InventoryTests.test_historical_harness_exception_does_not_exempt_its_entire_file) ... ok
test_home_catalog_exception_cannot_be_assigned_to_phone_or_v1 (test_inventory.InventoryTests.test_home_catalog_exception_cannot_be_assigned_to_phone_or_v1) ... ok
test_home_discovery_exception_cannot_be_assigned_to_other_surfaces (test_inventory.InventoryTests.test_home_discovery_exception_cannot_be_assigned_to_other_surfaces) ... ok
test_home_feed_exception_cannot_be_assigned_to_phone_or_other_services (test_inventory.InventoryTests.test_home_feed_exception_cannot_be_assigned_to_phone_or_other_services) ... ok
test_missing_entry_fails (test_inventory.InventoryTests.test_missing_entry_fails) ... ok
test_new_app_alias_methods_and_framework_routes_are_discovered (test_inventory.InventoryTests.test_new_app_alias_methods_and_framework_routes_are_discovered) ... ok
test_new_method_fails (test_inventory.InventoryTests.test_new_method_fails) ... ok
test_new_public_exception_fails (test_inventory.InventoryTests.test_new_public_exception_fails) ... ok
test_originals_are_separate_from_browse_and_health_is_operator_only (test_inventory.InventoryTests.test_originals_are_separate_from_browse_and_health_is_operator_only) ... ok
test_prefix_and_middleware_changes_require_review (test_inventory.InventoryTests.test_prefix_and_middleware_changes_require_review) ... ok
test_reflective_registration_requires_review_including_imported_routers (test_inventory.InventoryTests.test_reflective_registration_requires_review_including_imported_routers) ... ok
test_stale_route_fails (test_inventory.InventoryTests.test_stale_route_fails) ... ok
test_undecodable_candidate_fails (test_inventory.InventoryTests.test_undecodable_candidate_fails) ... ok
test_unsupported_registration_fails_closed (test_inventory.InventoryTests.test_unsupported_registration_fails_closed) ... ok

----------------------------------------------------------------------
Ran 151 tests in 16.118s

OK
